// Jest Snapshot v1, https://goo.gl/fbAQLP

exports[`renders learn react link 1`] = `
Object {
  "asFragment": [Function],
  "baseElement": <body>
    <div>
      <div
        class="App"
      >
        <nav
          aria-label="main navigation"
          class="navbar"
          role="navigation"
        >
          <div
            class="navbar-brand"
          >
            <h2
              class=""
            >
              Mini Calendly
            </h2>
            <span
              aria-expanded="false"
              aria-label="menu"
              class="navbar-burger"
              role="button"
            >
              <span
                aria-hidden="true"
              />
              <span
                aria-hidden="true"
              />
              <span
                aria-hidden="true"
              />
            </span>
          </div>
        </nav>
        <section
          class="section"
        >
          <div
            class="container"
          >
            <div
              class=""
            />
            <div
              class="columns"
            >
              <div
                class="column is-2"
              >
                <p />
                <h2>
                  1 hour meeting
                </h2>
                <h6>
                  GMT 
                </h6>
              </div>
              <div
                class="column is-8 card"
              >
                <h3>
                  Select Date and Time
                </h3>
                <div
                  class="columns "
                >
                  <div
                    class="column is-9"
                  />
                  <div
                    class="column is-3"
                  >
                    <div
                      class="months"
                    />
                  </div>
                </div>
              </div>
              <div
                class="column is-2"
              />
            </div>
          </div>
        </section>
      </div>
    </div>
  </body>,
  "container": <div>
    <div
      class="App"
    >
      <nav
        aria-label="main navigation"
        class="navbar"
        role="navigation"
      >
        <div
          class="navbar-brand"
        >
          <h2
            class=""
          >
            Mini Calendly
          </h2>
          <span
            aria-expanded="false"
            aria-label="menu"
            class="navbar-burger"
            role="button"
          >
            <span
              aria-hidden="true"
            />
            <span
              aria-hidden="true"
            />
            <span
              aria-hidden="true"
            />
          </span>
        </div>
      </nav>
      <section
        class="section"
      >
        <div
          class="container"
        >
          <div
            class=""
          />
          <div
            class="columns"
          >
            <div
              class="column is-2"
            >
              <p />
              <h2>
                1 hour meeting
              </h2>
              <h6>
                GMT 
              </h6>
            </div>
            <div
              class="column is-8 card"
            >
              <h3>
                Select Date and Time
              </h3>
              <div
                class="columns "
              >
                <div
                  class="column is-9"
                />
                <div
                  class="column is-3"
                >
                  <div
                    class="months"
                  />
                </div>
              </div>
            </div>
            <div
              class="column is-2"
            />
          </div>
        </div>
      </section>
    </div>
  </div>,
  "debug": [Function],
  "findAllByAltText": [Function],
  "findAllByDisplayValue": [Function],
  "findAllByLabelText": [Function],
  "findAllByPlaceholderText": [Function],
  "findAllByRole": [Function],
  "findAllByTestId": [Function],
  "findAllByText": [Function],
  "findAllByTitle": [Function],
  "findByAltText": [Function],
  "findByDisplayValue": [Function],
  "findByLabelText": [Function],
  "findByPlaceholderText": [Function],
  "findByRole": [Function],
  "findByTestId": [Function],
  "findByText": [Function],
  "findByTitle": [Function],
  "getAllByAltText": [Function],
  "getAllByDisplayValue": [Function],
  "getAllByLabelText": [Function],
  "getAllByPlaceholderText": [Function],
  "getAllByRole": [Function],
  "getAllByTestId": [Function],
  "getAllByText": [Function],
  "getAllByTitle": [Function],
  "getByAltText": [Function],
  "getByDisplayValue": [Function],
  "getByLabelText": [Function],
  "getByPlaceholderText": [Function],
  "getByRole": [Function],
  "getByTestId": [Function],
  "getByText": [Function],
  "getByTitle": [Function],
  "queryAllByAltText": [Function],
  "queryAllByDisplayValue": [Function],
  "queryAllByLabelText": [Function],
  "queryAllByPlaceholderText": [Function],
  "queryAllByRole": [Function],
  "queryAllByTestId": [Function],
  "queryAllByText": [Function],
  "queryAllByTitle": [Function],
  "queryByAltText": [Function],
  "queryByDisplayValue": [Function],
  "queryByLabelText": [Function],
  "queryByPlaceholderText": [Function],
  "queryByRole": [Function],
  "queryByTestId": [Function],
  "queryByText": [Function],
  "queryByTitle": [Function],
  "rerender": [Function],
  "unmount": [Function],
}
`;
